[html.themehealer.com/crank/main-html/index3.html]
[backblue.gif]
[fade.gif]
[index.html]
[html.themehealer.com/crank/main-html/assets/images/favicons/apple-touch-icon.png]
[html.themehealer.com/crank/main-html/assets/images/favicons/favicon-32x32.png]
[html.themehealer.com/crank/main-html/assets/images/favicons/favicon-16x16.png]
[html.themehealer.com/crank/main-html/assets/images/favicons/site.webmanifest]
[html.themehealer.com/crank/main-html/assets/css/bootstrap.min.css]
[html.themehealer.com/crank/main-html/assets/css/animate.min.css]
[html.themehealer.com/crank/main-html/assets/css/custom-animate.css]
[html.themehealer.com/crank/main-html/assets/css/swiper.min.css]
[html.themehealer.com/crank/main-html/assets/css/font-awesome-all.css]
[html.themehealer.com/crank/main-html/assets/css/jarallax.css]
[html.themehealer.com/crank/main-html/assets/css/jquery.magnific-popup.css]
[html.themehealer.com/crank/main-html/assets/css/flaticon.css]
[html.themehealer.com/crank/main-html/assets/css/owl.carousel.min.css]
[html.themehealer.com/crank/main-html/assets/css/odometer.min.css]
[html.themehealer.com/crank/main-html/assets/css/owl.theme.default.min.css]
[html.themehealer.com/crank/main-html/assets/css/nice-select.css]
[html.themehealer.com/crank/main-html/assets/css/jquery-ui.css]
[html.themehealer.com/crank/main-html/assets/css/aos.css]
[html.themehealer.com/crank/main-html/assets/css/module-css/slider.css]
[html.themehealer.com/crank/main-html/assets/css/module-css/footer.css]
[html.themehealer.com/crank/main-html/assets/css/module-css/counter.css]
[html.themehealer.com/crank/main-html/assets/css/module-css/services.css]
[html.themehealer.com/crank/main-html/assets/css/module-css/about.css]
[html.themehealer.com/crank/main-html/assets/css/module-css/brand.css]
[html.themehealer.com/crank/main-html/assets/css/module-css/gallery.css]
[html.themehealer.com/crank/main-html/assets/css/module-css/faq.css]
[html.themehealer.com/crank/main-html/assets/css/module-css/testimonial.css]
[html.themehealer.com/crank/main-html/assets/css/module-css/team.css]
[html.themehealer.com/crank/main-html/assets/css/module-css/contact.css]
[html.themehealer.com/crank/main-html/assets/css/module-css/pricing.css]
[html.themehealer.com/crank/main-html/assets/css/module-css/blog.css]
[html.themehealer.com/crank/main-html/assets/css/module-css/sliding-text.css]
[html.themehealer.com/crank/main-html/assets/css/module-css/why-choose.css]
[html.themehealer.com/crank/main-html/assets/css/style.css]
[html.themehealer.com/crank/main-html/assets/css/responsive.css]
[html.themehealer.com/crank/main-html/index.html]
[html.themehealer.com/crank/main-html/assets/images/resources/logo-1.png]
[html.themehealer.com/crank/main-html/assets/images/resources/logo-2.png]
[html.themehealer.com/crank/main-html/index2.html]
[html.themehealer.com/crank/main-html/index4.html]
[html.themehealer.com/crank/main-html/index-dark.html]
[html.themehealer.com/crank/main-html/index-one-page.html]
[html.themehealer.com/crank/main-html/index2-one-page.html]
[html.themehealer.com/crank/main-html/index3-one-page.html]
[html.themehealer.com/crank/main-html/index4-one-page.html]
[html.themehealer.com/crank/main-html/about.html]
[html.themehealer.com/crank/main-html/team.html]
[html.themehealer.com/crank/main-html/team-carousel.html]
[html.themehealer.com/crank/main-html/team-details.html]
[html.themehealer.com/crank/main-html/project.html]
[html.themehealer.com/crank/main-html/project-details.html]
[html.themehealer.com/crank/main-html/testimonials.html]
[html.themehealer.com/crank/main-html/testimonial-carousel.html]
[html.themehealer.com/crank/main-html/pricing.html]
[html.themehealer.com/crank/main-html/pricing-carousel.html]
[html.themehealer.com/crank/main-html/faq.html]
[html.themehealer.com/crank/main-html/404.html]
[html.themehealer.com/crank/main-html/services.html]
[html.themehealer.com/crank/main-html/easy-drive-maintenance.html]
[html.themehealer.com/crank/main-html/elite-auto-services.html]
[html.themehealer.com/crank/main-html/smooth-ride-vehicle-care.html]
[html.themehealer.com/crank/main-html/careful-car-service-station.html]
[html.themehealer.com/crank/main-html/auto-pro-mechanic-shop.html]
[html.themehealer.com/crank/main-html/products.html]
[html.themehealer.com/crank/main-html/product-details.html]
[html.themehealer.com/crank/main-html/cart.html]
[html.themehealer.com/crank/main-html/checkout.html]
[html.themehealer.com/crank/main-html/wishlist.html]
[html.themehealer.com/crank/main-html/sign-up.html]
[html.themehealer.com/crank/main-html/login.html]
[html.themehealer.com/crank/main-html/blog.html]
[html.themehealer.com/crank/main-html/blog-carousel.html]
[html.themehealer.com/crank/main-html/blog-list.html]
[html.themehealer.com/crank/main-html/blog-details.html]
[html.themehealer.com/crank/main-html/contact.html]
[html.themehealer.com/crank/main-html/assets/images/shapes/main-slider-three-shape-1.png]
[html.themehealer.com/crank/main-html/assets/images/resources/main-slider-three-img-1.jpg]
[html.themehealer.com/crank/main-html/assets/images/resources/main-slider-three-img-2.jpg]
[html.themehealer.com/crank/main-html/assets/images/resources/main-slider-three-img-3.jpg]
[html.themehealer.com/crank/main-html/assets/images/brand/brand-2-1.png]
[html.themehealer.com/crank/main-html/assets/images/brand/brand-2-2.png]
[html.themehealer.com/crank/main-html/assets/images/brand/brand-2-3.png]
[html.themehealer.com/crank/main-html/assets/images/brand/brand-2-4.png]
[html.themehealer.com/crank/main-html/assets/images/brand/brand-2-5.png]
[html.themehealer.com/crank/main-html/assets/images/resources/about-three-img-1.png]
[html.themehealer.com/crank/main-html/assets/images/team/team-3-1.png]
[html.themehealer.com/crank/main-html/assets/images/team/team-3-2.png]
[html.themehealer.com/crank/main-html/assets/images/team/team-3-3.png]
[html.themehealer.com/crank/main-html/assets/images/team/team-3-4.png]
[html.themehealer.com/crank/main-html/assets/images/gallery/gallery-3-1.jpg]
[html.themehealer.com/crank/main-html/assets/images/gallery/gallery-3-2.jpg]
[html.themehealer.com/crank/main-html/assets/images/gallery/gallery-3-3.jpg]
[html.themehealer.com/crank/main-html/assets/images/gallery/gallery-3-4.jpg]
[html.themehealer.com/crank/main-html/assets/images/gallery/gallery-3-5.jpg]
[html.themehealer.com/crank/main-html/assets/images/gallery/gallery-3-6.jpg]
[html.themehealer.com/crank/main-html/assets/images/gallery/gallery-3-7.jpg]
[html.themehealer.com/crank/main-html/assets/images/gallery/gallery-3-8.jpg]
[html.themehealer.com/crank/main-html/assets/images/testimonial/testimonial-3-1.jpg]
[html.themehealer.com/crank/main-html/assets/images/testimonial/testimonial-3-2.jpg]
[html.themehealer.com/crank/main-html/assets/images/testimonial/testimonial-3-3.jpg]
[html.themehealer.com/crank/main-html/assets/images/shapes/why-choose-one-user-box-shape.png]
[html.themehealer.com/crank/main-html/assets/images/resources/why-choose-one-user-img-1.jpg]
[html.themehealer.com/crank/main-html/assets/images/resources/why-choose-one-user-img-2.jpg]
[html.themehealer.com/crank/main-html/assets/images/resources/why-choose-one-user-img-3.jpg]
[html.themehealer.com/crank/main-html/assets/images/resources/why-choose-one-user-img-4.jpg]
[html.themehealer.com/crank/main-html/assets/images/resources/why-choose-one-img-1.jpg]
[html.themehealer.com/crank/main-html/assets/images/resources/faq-three-img-1.jpg]
[html.themehealer.com/crank/main-html/assets/images/blog/blog-3-1.jpg]
[html.themehealer.com/crank/main-html/assets/images/blog/blog-3-2.jpg]
[html.themehealer.com/crank/main-html/assets/images/blog/blog-3-3.jpg]
[html.themehealer.com/crank/main-html/assets/images/shapes/site-footer-three-road.png]
[html.themehealer.com/crank/main-html/assets/images/resources/site-footer-three-img.png]
[html.themehealer.com/crank/main-html/assets/js/jquery-3.6.0.min.js]
[html.themehealer.com/crank/main-html/assets/js/bootstrap.bundle.min.js]
[html.themehealer.com/crank/main-html/assets/js/jarallax.min.js]
[html.themehealer.com/crank/main-html/assets/js/jquery.ajaxchimp.min.js]
[html.themehealer.com/crank/main-html/assets/js/jquery.appear.min.js]
[html.themehealer.com/crank/main-html/assets/js/swiper.min.js]
[html.themehealer.com/crank/main-html/assets/js/jquery.circle-progress.min.js]
[html.themehealer.com/crank/main-html/assets/js/jquery.magnific-popup.min.js]
[html.themehealer.com/crank/main-html/assets/js/isotope.js]
[html.themehealer.com/crank/main-html/assets/js/jquery.validate.min.js]
[html.themehealer.com/crank/main-html/assets/js/wNumb.min.js]
[html.themehealer.com/crank/main-html/assets/js/wow.js]
[html.themehealer.com/crank/main-html/assets/js/owl.carousel.min.js]
[html.themehealer.com/crank/main-html/assets/js/jquery-ui.js]
[html.themehealer.com/crank/main-html/assets/js/odometer.min.js]
[html.themehealer.com/crank/main-html/assets/js/jquery.nice-select.min.js]
[html.themehealer.com/crank/main-html/assets/js/jquery-sidebar-content.js]
[html.themehealer.com/crank/main-html/assets/js/marquee.min.js]
[html.themehealer.com/crank/main-html/assets/js/gsap/gsap.js]
[html.themehealer.com/crank/main-html/assets/js/gsap/ScrollTrigger.js]
[html.themehealer.com/crank/main-html/assets/js/gsap/SplitText.js]
[html.themehealer.com/crank/main-html/assets/js/aos.js]
[html.themehealer.com/crank/main-html/assets/js/script.js]
[html.themehealer.com/crank/main-html/index3.html]
[html.themehealer.com/crank/main-html/assets/css/bootstrap.min.css]
[html.themehealer.com/crank/main-html/assets/css/animate.min.css]
[html.themehealer.com/crank/main-html/assets/css/custom-animate.css]
[html.themehealer.com/crank/main-html/assets/css/swiper.min.css]
[html.themehealer.com/crank/main-html/assets/fonts/fa-brands-400.eot]
[html.themehealer.com/crank/main-html/assets/fonts/fa-brands-400.woff2]
[html.themehealer.com/crank/main-html/assets/fonts/fa-brands-400d41d.eot]
[html.themehealer.com/crank/main-html/assets/fonts/fa-brands-400.woff]
[html.themehealer.com/crank/main-html/assets/fonts/fa-brands-400.ttf]
[html.themehealer.com/crank/main-html/assets/fonts/fa-light-300.woff2]
[html.themehealer.com/crank/main-html/assets/fonts/fa-light-300.woff]
[html.themehealer.com/crank/main-html/assets/fonts/fa-regular-400.eot]
[html.themehealer.com/crank/main-html/assets/fonts/fa-regular-400.woff2]
[html.themehealer.com/crank/main-html/assets/fonts/fa-regular-400d41d.eot]
[html.themehealer.com/crank/main-html/assets/fonts/fa-regular-400.woff]
[html.themehealer.com/crank/main-html/assets/fonts/fa-solid-900.woff2]
[html.themehealer.com/crank/main-html/assets/fonts/fa-solid-900.woff]
[html.themehealer.com/crank/main-html/assets/css/font-awesome-all.css]
[html.themehealer.com/crank/main-html/assets/css/jarallax.css]
[html.themehealer.com/crank/main-html/assets/css/jquery.magnific-popup.css]
[html.themehealer.com/crank/main-html/assets/fonts/icomoon78ed.eot]
[html.themehealer.com/crank/main-html/assets/fonts/icomoon78ed.ttf]
[html.themehealer.com/crank/main-html/assets/fonts/icomoon78ed.woff]
[html.themehealer.com/crank/main-html/assets/css/flaticon.css]
[html.themehealer.com/crank/main-html/assets/fonts/icomoon78ed.svg]
[html.themehealer.com/crank/main-html/assets/css/owl.carousel.min.css]
[html.themehealer.com/crank/main-html/assets/css/odometer.min.css]
[html.themehealer.com/crank/main-html/assets/css/owl.theme.default.min.css]
[html.themehealer.com/crank/main-html/assets/css/nice-select.css]
[html.themehealer.com/crank/main-html/assets/css/images/ui-bg_highlight-soft_75_cccccc_1x100.png]
[html.themehealer.com/crank/main-html/assets/css/images/ui-bg_glass_75_e6e6e6_1x400.png]
[html.themehealer.com/crank/main-html/assets/css/images/ui-bg_glass_75_dadada_1x400.png]
[html.themehealer.com/crank/main-html/assets/css/images/ui-bg_glass_65_ffffff_1x400.png]
[html.themehealer.com/crank/main-html/assets/css/images/ui-bg_glass_55_fbf9ee_1x400.png]
[html.themehealer.com/crank/main-html/assets/css/images/ui-bg_glass_95_fef1ec_1x400.png]
[html.themehealer.com/crank/main-html/assets/css/images/ui-icons_222222_256x240.png]
[html.themehealer.com/crank/main-html/assets/css/images/ui-icons_888888_256x240.png]
[html.themehealer.com/crank/main-html/assets/css/images/ui-icons_454545_256x240.png]
[html.themehealer.com/crank/main-html/assets/css/images/ui-icons_2e83ff_256x240.png]
[html.themehealer.com/crank/main-html/assets/css/images/ui-icons_cd0a0a_256x240.png]
[html.themehealer.com/crank/main-html/assets/css/jquery-ui.css]
[html.themehealer.com/crank/main-html/assets/css/aos.css]
[html.themehealer.com/crank/main-html/assets/css/module-css/slider.css]
[html.themehealer.com/crank/main-html/assets/css/module-css/footer.css]
[html.themehealer.com/crank/main-html/assets/css/module-css/counter.css]
[html.themehealer.com/crank/main-html/assets/css/module-css/services.css]
[html.themehealer.com/crank/main-html/assets/css/module-css/about.css]
[html.themehealer.com/crank/main-html/assets/css/module-css/brand.css]
[html.themehealer.com/crank/main-html/assets/css/module-css/gallery.css]
[html.themehealer.com/crank/main-html/assets/css/module-css/faq.css]
[html.themehealer.com/crank/main-html/assets/css/module-css/testimonial.css]
[html.themehealer.com/crank/main-html/assets/css/module-css/team.css]
[html.themehealer.com/crank/main-html/assets/css/module-css/contact.css]
[html.themehealer.com/crank/main-html/assets/css/module-css/pricing.css]
[html.themehealer.com/crank/main-html/assets/css/module-css/blog.css]
[html.themehealer.com/crank/main-html/assets/css/module-css/sliding-text.css]
[html.themehealer.com/crank/main-html/assets/css/module-css/why-choose.css]
[html.themehealer.com/crank/main-html/assets/images/loader.png]
[html.themehealer.com/crank/main-html/assets/css/style.css]
[html.themehealer.com/crank/main-html/assets/css/responsive.css]
[html.themehealer.com/crank/main-html/assets/images/shapes/main-slider-shape-1.png]
[html.themehealer.com/crank/main-html/assets/images/resources/main-slider-img-1.jpg]
[html.themehealer.com/crank/main-html/assets/images/resources/main-slider-img-2.jpg]
[html.themehealer.com/crank/main-html/assets/images/resources/main-slider-img-3.jpg]
[html.themehealer.com/crank/main-html/assets/images/resources/about-one-img-1.jpg]
[html.themehealer.com/crank/main-html/assets/images/brand/brand-1-1.png]
[html.themehealer.com/crank/main-html/assets/images/brand/brand-1-2.png]
[html.themehealer.com/crank/main-html/assets/images/brand/brand-1-3.png]
[html.themehealer.com/crank/main-html/assets/images/brand/brand-1-4.png]
[html.themehealer.com/crank/main-html/assets/images/brand/brand-1-5.png]
[html.themehealer.com/crank/main-html/assets/images/gallery/gallery-1-1.jpg]
[html.themehealer.com/crank/main-html/assets/images/gallery/gallery-1-2.jpg]
[html.themehealer.com/crank/main-html/assets/images/gallery/gallery-1-3.jpg]
[html.themehealer.com/crank/main-html/assets/images/gallery/gallery-1-5.jpg]
[html.themehealer.com/crank/main-html/assets/images/gallery/gallery-1-4.jpg]
[html.themehealer.com/crank/main-html/assets/images/gallery/gallery-1-6.jpg]
[html.themehealer.com/crank/main-html/assets/images/testimonial/testimonial-1-1.jpg]
[html.themehealer.com/crank/main-html/assets/images/testimonial/testimonial-1-2.jpg]
[html.themehealer.com/crank/main-html/assets/images/testimonial/testimonial-1-3.jpg]
[html.themehealer.com/crank/main-html/assets/images/team/team-1-1.jpg]
[html.themehealer.com/crank/main-html/assets/images/team/team-1-2.jpg]
[html.themehealer.com/crank/main-html/assets/images/team/team-1-3.jpg]
[html.themehealer.com/crank/main-html/assets/images/resources/contact-one-img-1.png]
[html.themehealer.com/crank/main-html/assets/images/shapes/contact-one-img-shape-1.png]
[html.themehealer.com/crank/main-html/assets/images/blog/blog-1-1.jpg]
[html.themehealer.com/crank/main-html/assets/images/blog/blog-1-2.jpg]
[html.themehealer.com/crank/main-html/assets/images/blog/blog-1-3.jpg]
[html.themehealer.com/crank/main-html/assets/images/resources/site-footer-newsletter-img-1.png]
[html.themehealer.com/crank/main-html/assets/images/shapes/site-footer-newsletter-shape-1.png]
[html.themehealer.com/crank/main-html/assets/images/blog/footer-widget-post-img-1.jpg]
[html.themehealer.com/crank/main-html/assets/images/blog/footer-widget-post-img-2.jpg]
[html.themehealer.com/crank/main-html/index.html]
[html.themehealer.com/crank/main-html/assets/images/shapes/main-slider-two-shape-1.png]
[html.themehealer.com/crank/main-html/assets/images/resources/main-slider-two-img-1.png]
[html.themehealer.com/crank/main-html/assets/images/resources/main-slider-two-img-2.png]
[html.themehealer.com/crank/main-html/assets/images/resources/main-slider-two-img-3.png]
[html.themehealer.com/crank/main-html/assets/images/shapes/about-two-shape-1.png]
[html.themehealer.com/crank/main-html/assets/images/resources/about-two-tab-img-1.jpg]
[html.themehealer.com/crank/main-html/assets/images/resources/about-two-tab-img-2.jpg]
[html.themehealer.com/crank/main-html/assets/images/resources/about-two-tab-img-3.jpg]
[html.themehealer.com/crank/main-html/assets/images/shapes/team-two-shape-1.png]
[html.themehealer.com/crank/main-html/assets/images/team/team-2-1.jpg]
[html.themehealer.com/crank/main-html/assets/images/team/team-2-2.jpg]
[html.themehealer.com/crank/main-html/assets/images/team/team-2-3.jpg]
[html.themehealer.com/crank/main-html/assets/images/team/team-2-4.jpg]
[html.themehealer.com/crank/main-html/assets/images/gallery/gallery-2-1.jpg]
[html.themehealer.com/crank/main-html/assets/images/gallery/gallery-2-2.jpg]
[html.themehealer.com/crank/main-html/assets/images/gallery/gallery-2-3.jpg]
[html.themehealer.com/crank/main-html/assets/images/gallery/gallery-2-4.jpg]
[html.themehealer.com/crank/main-html/assets/images/gallery/gallery-2-5.jpg]
[html.themehealer.com/crank/main-html/assets/images/team/team-two-img-1.png]
[html.themehealer.com/crank/main-html/assets/images/shapes/testimonial-two-shape-2.png]
[html.themehealer.com/crank/main-html/assets/images/shapes/testimonial-two-shape-3.png]
[html.themehealer.com/crank/main-html/assets/images/shapes/testimonial-two-shape-4.png]
[html.themehealer.com/crank/main-html/assets/images/testimonial/testimonial-two-img-1.png]
[html.themehealer.com/crank/main-html/assets/images/shapes/faq-two-shape-bg.png]
[html.themehealer.com/crank/main-html/assets/images/blog/blog-2-1.jpg]
[html.themehealer.com/crank/main-html/assets/images/blog/blog-2-2.jpg]
[html.themehealer.com/crank/main-html/assets/images/blog/blog-2-3.jpg]
[html.themehealer.com/crank/main-html/index2.html]
[html.themehealer.com/crank/main-html/assets/css/module-css/cta.css]
[html.themehealer.com/crank/main-html/assets/css/module-css/feature.css]
[html.themehealer.com/crank/main-html/assets/css/module-css/banner.css]
[html.themehealer.com/crank/main-html/assets/images/resources/banner-one-designer-and-developer-img-1-1.jpg]
[html.themehealer.com/crank/main-html/assets/images/resources/banner-one-designer-and-developer-img-1-2.jpg]
[html.themehealer.com/crank/main-html/assets/images/resources/banner-one-designer-and-developer-img-1-3.jpg]
[html.themehealer.com/crank/main-html/assets/images/resources/banner-one-designer-and-developer-img-1-4.jpg]
[html.themehealer.com/crank/main-html/assets/images/resources/banner-one-img-1.png]
[html.themehealer.com/crank/main-html/assets/images/resources/about-four-img-1.jpg]
[html.themehealer.com/crank/main-html/assets/images/backgrounds/cta-one-bg.jpg]
[html.themehealer.com/crank/main-html/assets/images/gallery/gallery-4-1.jpg]
[html.themehealer.com/crank/main-html/assets/images/gallery/gallery-4-2.jpg]
[html.themehealer.com/crank/main-html/assets/images/gallery/gallery-4-3.jpg]
[html.themehealer.com/crank/main-html/assets/images/gallery/gallery-4-4.jpg]
[html.themehealer.com/crank/main-html/assets/images/team/team-4-1.jpg]
[html.themehealer.com/crank/main-html/assets/images/team/team-4-2.jpg]
[html.themehealer.com/crank/main-html/assets/images/team/team-4-3.jpg]
[html.themehealer.com/crank/main-html/assets/images/testimonial/testimonial-four-big-img.png]
[html.themehealer.com/crank/main-html/assets/images/testimonial/testimonial-4-1.jpg]
[html.themehealer.com/crank/main-html/assets/images/testimonial/testimonial-4-2.jpg]
[html.themehealer.com/crank/main-html/assets/images/testimonial/testimonial-4-3.jpg]
[html.themehealer.com/crank/main-html/assets/images/testimonial/testimonial-four-bottom-img-1.jpg]
[html.themehealer.com/crank/main-html/assets/images/blog/blog-4-1.jpg]
[html.themehealer.com/crank/main-html/assets/images/blog/blog-4-2.jpg]
[html.themehealer.com/crank/main-html/assets/images/blog/blog-4-3.jpg]
[html.themehealer.com/crank/main-html/index4.html]
[html.themehealer.com/crank/main-html/assets/css/dark.css]
[html.themehealer.com/crank/main-html/index-dark.html]
[html.themehealer.com/crank/main-html/index-one-page.html]
[html.themehealer.com/crank/main-html/index2-one-page.html]
[html.themehealer.com/crank/main-html/index3-one-page.html]
[html.themehealer.com/crank/main-html/index4-one-page.html]
[html.themehealer.com/crank/main-html/assets/css/module-css/page-header.css]
[html.themehealer.com/crank/main-html/assets/images/shapes/page-header-shape-1.png]
[html.themehealer.com/crank/main-html/assets/images/resources/page-header-img-1.png]
[html.themehealer.com/crank/main-html/assets/images/shapes/page-header-shape-5.png]
[html.themehealer.com/crank/main-html/assets/images/resources/about-five-img-1.jpg]
[html.themehealer.com/crank/main-html/assets/images/shapes/about-five-shope-box-bg-shape.png]
[html.themehealer.com/crank/main-html/assets/images/shapes/pricing-three-single-bg-shape.png]
[html.themehealer.com/crank/main-html/about.html]
[html.themehealer.com/crank/main-html/assets/images/team/team-1-4.jpg]
[html.themehealer.com/crank/main-html/assets/images/team/team-1-5.jpg]
[html.themehealer.com/crank/main-html/assets/images/team/team-1-6.jpg]
[html.themehealer.com/crank/main-html/team.html]
[html.themehealer.com/crank/main-html/team-carousel.html]
[html.themehealer.com/crank/main-html/assets/images/team/team-details-img-1.jpg]
[html.themehealer.com/crank/main-html/team-details.html]
[html.themehealer.com/crank/main-html/project.html]
[html.themehealer.com/crank/main-html/assets/css/module-css/project.css]
[html.themehealer.com/crank/main-html/assets/images/resources/project-details-img-1.jpg]
[html.themehealer.com/crank/main-html/assets/images/resources/project-details-points-img-1.jpg]
[html.themehealer.com/crank/main-html/project-details.html]
[html.themehealer.com/crank/main-html/assets/images/testimonial/testimonial-1-4.jpg]
[html.themehealer.com/crank/main-html/assets/images/testimonial/testimonial-1-5.jpg]
[html.themehealer.com/crank/main-html/assets/images/testimonial/testimonial-1-6.jpg]
[html.themehealer.com/crank/main-html/testimonials.html]
[html.themehealer.com/crank/main-html/testimonial-carousel.html]
[html.themehealer.com/crank/main-html/pricing.html]
[html.themehealer.com/crank/main-html/pricing-carousel.html]
[html.themehealer.com/crank/main-html/faq.html]
[html.themehealer.com/crank/main-html/assets/css/module-css/error-page.css]
[html.themehealer.com/crank/main-html/404.html]
[html.themehealer.com/crank/main-html/services.html]
[html.themehealer.com/crank/main-html/assets/images/resources/service-details-img-1.jpg]
[html.themehealer.com/crank/main-html/assets/images/backgrounds/service-details-contact-box-bg.jpg]
[html.themehealer.com/crank/main-html/assets/images/shapes/service-details-contact-box-bg-shape.png]
[html.themehealer.com/crank/main-html/assets/images/resources/service-details-bottom-img.jpg]
[html.themehealer.com/crank/main-html/assets/images/resources/service-details-bottom-img-1.jpg]
[html.themehealer.com/crank/main-html/easy-drive-maintenance.html]
[html.themehealer.com/crank/main-html/elite-auto-services.html]
[html.themehealer.com/crank/main-html/smooth-ride-vehicle-care.html]
[html.themehealer.com/crank/main-html/careful-car-service-station.html]
[html.themehealer.com/crank/main-html/auto-pro-mechanic-shop.html]
[html.themehealer.com/crank/main-html/assets/css/module-css/shop.css]
[html.themehealer.com/crank/main-html/assets/images/shop/product-thumb-1.jpg]
[html.themehealer.com/crank/main-html/assets/images/shop/product-thumb-2.jpg]
[html.themehealer.com/crank/main-html/assets/images/shop/product-thumb-3.jpg]
[html.themehealer.com/crank/main-html/assets/images/shop/product-thumb-4.jpg]
[html.themehealer.com/crank/main-html/assets/images/shop/shop-product-1-1.jpg]
[html.themehealer.com/crank/main-html/assets/images/shop/shop-product-1-2.jpg]
[html.themehealer.com/crank/main-html/assets/images/shop/shop-product-1-3.jpg]
[html.themehealer.com/crank/main-html/assets/images/shop/shop-product-1-4.jpg]
[html.themehealer.com/crank/main-html/assets/images/shop/shop-product-1-5.jpg]
[html.themehealer.com/crank/main-html/assets/images/shop/shop-product-1-6.jpg]
[html.themehealer.com/crank/main-html/assets/images/shop/shop-product-1-7.jpg]
[html.themehealer.com/crank/main-html/assets/images/shop/shop-product-1-8.jpg]
[html.themehealer.com/crank/main-html/assets/images/shop/shop-product-1-9.jpg]
[html.themehealer.com/crank/main-html/products.html]
[html.themehealer.com/crank/main-html/assets/images/shop/product-details-img-1.jpg]
[html.themehealer.com/crank/main-html/assets/images/shop/review-1-1.jpg]
[html.themehealer.com/crank/main-html/assets/images/shop/review-1-2.jpg]
[html.themehealer.com/crank/main-html/product-details.html]
[html.themehealer.com/crank/main-html/assets/images/shop/cart-page-img-1.jpg]
[html.themehealer.com/crank/main-html/cart.html]
[html.themehealer.com/crank/main-html/assets/images/shop/cart-page-img-2.jpg]
[html.themehealer.com/crank/main-html/assets/images/shop/paypal-1.jpg]
[html.themehealer.com/crank/main-html/checkout.html]
[html.themehealer.com/crank/main-html/assets/images/shop/wishlist-page-img-1.jpg]
[html.themehealer.com/crank/main-html/assets/images/shop/wishlist-page-img-2.jpg]
[html.themehealer.com/crank/main-html/assets/images/shop/wishlist-page-img-3.jpg]
[html.themehealer.com/crank/main-html/assets/images/shop/wishlist-page-img-4.jpg]
[html.themehealer.com/crank/main-html/wishlist.html]
[html.themehealer.com/crank/main-html/assets/images/icon/icon-google-2.png]
[html.themehealer.com/crank/main-html/assets/images/icon/icon-facebook.png]
[html.themehealer.com/crank/main-html/sign-up.html]
[html.themehealer.com/crank/main-html/login.html]
[html.themehealer.com/crank/main-html/assets/images/blog/blog-1-4.jpg]
[html.themehealer.com/crank/main-html/assets/images/blog/blog-1-5.jpg]
[html.themehealer.com/crank/main-html/assets/images/blog/blog-1-6.jpg]
[html.themehealer.com/crank/main-html/blog.html]
[html.themehealer.com/crank/main-html/blog-carousel.html]
[html.themehealer.com/crank/main-html/assets/images/blog/blog-list-1-1.jpg]
[html.themehealer.com/crank/main-html/assets/images/blog/blog-list-1-2.jpg]
[html.themehealer.com/crank/main-html/assets/images/blog/blog-list-1-3.jpg]
[html.themehealer.com/crank/main-html/assets/images/blog/lp-1-1.jpg]
[html.themehealer.com/crank/main-html/assets/images/blog/lp-1-2.jpg]
[html.themehealer.com/crank/main-html/assets/images/blog/lp-1-3.jpg]
[html.themehealer.com/crank/main-html/assets/images/gallery/sidebar-gallery-1-1.jpg]
[html.themehealer.com/crank/main-html/assets/images/gallery/sidebar-gallery-1-2.jpg]
[html.themehealer.com/crank/main-html/assets/images/gallery/sidebar-gallery-1-3.jpg]
[html.themehealer.com/crank/main-html/assets/images/gallery/sidebar-gallery-1-4.jpg]
[html.themehealer.com/crank/main-html/assets/images/gallery/sidebar-gallery-1-5.jpg]
[html.themehealer.com/crank/main-html/assets/images/gallery/sidebar-gallery-1-6.jpg]
[html.themehealer.com/crank/main-html/blog-list.html]
[html.themehealer.com/crank/main-html/assets/images/blog/blog-details-img-1.jpg]
[html.themehealer.com/crank/main-html/assets/images/shapes/blog-details-client-box-bg-shape.png]
[html.themehealer.com/crank/main-html/assets/images/icon/quote-2.png]
[html.themehealer.com/crank/main-html/assets/images/blog/blog-details-client-img-1.jpg]
[html.themehealer.com/crank/main-html/assets/images/blog/blog-details-img-box-img-1.jpg]
[html.themehealer.com/crank/main-html/assets/images/blog/blog-details-img-box-img-2.jpg]
[html.themehealer.com/crank/main-html/assets/images/blog/comment-1-1.jpg]
[html.themehealer.com/crank/main-html/blog-details.html]
[html.themehealer.com/crank/main-html/contact.html]
[html.themehealer.com/crank/main-html/assets/fonts/fa-brands-400.html]
[html.themehealer.com/crank/main-html/assets/fonts/fa-light-300.html]
[html.themehealer.com/crank/main-html/assets/fonts/fa-light-300d41d.html]
[html.themehealer.com/crank/main-html/assets/fonts/fa-light-301.html]
[html.themehealer.com/crank/main-html/assets/fonts/fa-light-302.html]
[html.themehealer.com/crank/main-html/assets/fonts/fa-regular-400.html]
[html.themehealer.com/crank/main-html/assets/fonts/fa-regular-401.html]
[html.themehealer.com/crank/main-html/assets/fonts/fa-solid-900.html]
[html.themehealer.com/crank/main-html/assets/fonts/fa-solid-900d41d.html]
[html.themehealer.com/crank/main-html/assets/fonts/fa-solid-901.html]
[html.themehealer.com/crank/main-html/assets/fonts/fa-solid-902.html]
[html.themehealer.com/crank/main-html/assets/fonts/icomoon78ed.svg]
[html.themehealer.com/crank/main-html/assets/css/owl.video.play.html]
[html.themehealer.com/crank/main-html/assets/css/module-css/cta.css]
[html.themehealer.com/crank/main-html/assets/css/module-css/feature.css]
[html.themehealer.com/crank/main-html/assets/css/module-css/banner.css]
[html.themehealer.com/crank/main-html/assets/css/dark.css]
[html.themehealer.com/crank/main-html/assets/css/module-css/page-header.css]
[html.themehealer.com/crank/main-html/assets/css/module-css/project.css]
[html.themehealer.com/crank/main-html/assets/css/module-css/error-page.css]
[html.themehealer.com/crank/main-html/assets/css/module-css/shop.css]
